\BOOKMARK [1][-]{section.1}{Introduction}{}% 1
\BOOKMARK [2][-]{subsection.1.1}{Project Background}{section.1}% 2
\BOOKMARK [2][-]{subsection.1.2}{Project Objectives}{section.1}% 3
\BOOKMARK [3][-]{subsubsection.1.2.1}{Primary Objectives}{subsection.1.2}% 4
\BOOKMARK [3][-]{subsubsection.1.2.2}{Secondary Objectives}{subsection.1.2}% 5
\BOOKMARK [2][-]{subsection.1.3}{Project Scope}{section.1}% 6
\BOOKMARK [2][-]{subsection.1.4}{Document Structure}{section.1}% 7
\BOOKMARK [1][-]{section.2}{Literature Review}{}% 8
\BOOKMARK [2][-]{subsection.2.1}{Graph Neural Networks in Traffic Prediction}{section.2}% 9
\BOOKMARK [2][-]{subsection.2.2}{Real-time Traffic Simulation}{section.2}% 10
\BOOKMARK [2][-]{subsection.2.3}{Web-based Traffic Systems}{section.2}% 11
\BOOKMARK [2][-]{subsection.2.4}{System Integration Challenges}{section.2}% 12
\BOOKMARK [3][-]{subsubsection.2.4.1}{Data Plane Limitations}{subsection.2.4}% 13
\BOOKMARK [3][-]{subsubsection.2.4.2}{Real-time Requirements}{subsection.2.4}% 14
\BOOKMARK [2][-]{subsection.2.5}{Research Gap}{section.2}% 15
\BOOKMARK [1][-]{section.3}{System Architecture and Design}{}% 16
\BOOKMARK [2][-]{subsection.3.1}{Overall Architecture}{section.3}% 17
\BOOKMARK [2][-]{subsection.3.2}{Component Specifications}{section.3}% 18
\BOOKMARK [3][-]{subsubsection.3.2.1}{Web Frontend}{subsection.3.2}% 19
\BOOKMARK [3][-]{subsubsection.3.2.2}{API Gateway}{subsection.3.2}% 20
\BOOKMARK [3][-]{subsubsection.3.2.3}{SUMO Service}{subsection.3.2}% 21
\BOOKMARK [3][-]{subsubsection.3.2.4}{Model Service}{subsection.3.2}% 22
\BOOKMARK [2][-]{subsection.3.3}{Data Management Architecture}{section.3}% 23
\BOOKMARK [3][-]{subsubsection.3.3.1}{PostgreSQL Database}{subsection.3.3}% 24
\BOOKMARK [3][-]{subsubsection.3.3.2}{InfluxDB Database}{subsection.3.3}% 25
\BOOKMARK [3][-]{subsubsection.3.3.3}{Redis Cache}{subsection.3.3}% 26
\BOOKMARK [1][-]{section.4}{Implementation}{}% 27
\BOOKMARK [2][-]{subsection.4.1}{Development Environment}{section.4}% 28
\BOOKMARK [2][-]{subsection.4.2}{Traffic-DSTG-Gen: Dataset Generation System}{section.4}% 29
\BOOKMARK [3][-]{subsubsection.4.2.1}{Architecture}{subsection.4.2}% 30
\BOOKMARK [3][-]{subsubsection.4.2.2}{Key Components}{subsection.4.2}% 31
\BOOKMARK [3][-]{subsubsection.4.2.3}{Dataset Features}{subsection.4.2}% 32
\BOOKMARK [2][-]{subsection.4.3}{SUMO Integration}{section.4}% 33
\BOOKMARK [2][-]{subsection.4.4}{Model Inference Implementation}{section.4}% 34
\BOOKMARK [2][-]{subsection.4.5}{TrafficLab: Web-Based Testing Platform}{section.4}% 35
\BOOKMARK [3][-]{subsubsection.4.5.1}{Backend Architecture}{subsection.4.5}% 36
\BOOKMARK [3][-]{subsubsection.4.5.2}{Frontend Architecture}{subsection.4.5}% 37
\BOOKMARK [3][-]{subsubsection.4.5.3}{Database Schema}{subsection.4.5}% 38
\BOOKMARK [3][-]{subsubsection.4.5.4}{Deployment}{subsection.4.5}% 39
\BOOKMARK [1][-]{section.5}{Testing and Validation}{}% 40
\BOOKMARK [2][-]{subsection.5.1}{Testing Methodology}{section.5}% 41
\BOOKMARK [3][-]{subsubsection.5.1.1}{Unit Testing}{subsection.5.1}% 42
\BOOKMARK [3][-]{subsubsection.5.1.2}{Integration Testing}{subsection.5.1}% 43
\BOOKMARK [3][-]{subsubsection.5.1.3}{Performance Testing}{subsection.5.1}% 44
\BOOKMARK [2][-]{subsection.5.2}{Validation Results}{section.5}% 45
\BOOKMARK [2][-]{subsection.5.3}{Model Accuracy Testing}{section.5}% 46
\BOOKMARK [2][-]{subsection.5.4}{User Testing}{section.5}% 47
\BOOKMARK [2][-]{subsection.5.5}{Edge Cases and Error Handling}{section.5}% 48
\BOOKMARK [1][-]{section.6}{Results and Achievements}{}% 49
\BOOKMARK [2][-]{subsection.6.1}{Primary Achievements}{section.6}% 50
\BOOKMARK [3][-]{subsubsection.6.1.1}{System Development}{subsection.6.1}% 51
\BOOKMARK [3][-]{subsubsection.6.1.2}{SUMO Integration}{subsection.6.1}% 52
\BOOKMARK [3][-]{subsubsection.6.1.3}{Model Deployment}{subsection.6.1}% 53
\BOOKMARK [3][-]{subsubsection.6.1.4}{Web Interface}{subsection.6.1}% 54
\BOOKMARK [2][-]{subsection.6.2}{Technical Achievements}{section.6}% 55
\BOOKMARK [3][-]{subsubsection.6.2.1}{Architecture}{subsection.6.2}% 56
\BOOKMARK [3][-]{subsubsection.6.2.2}{Performance}{subsection.6.2}% 57
\BOOKMARK [2][-]{subsection.6.3}{Research Contributions}{section.6}% 58
\BOOKMARK [3][-]{subsubsection.6.3.1}{Novel Architecture}{subsection.6.3}% 59
\BOOKMARK [3][-]{subsubsection.6.3.2}{Integration Framework}{subsection.6.3}% 60
\BOOKMARK [3][-]{subsubsection.6.3.3}{Evaluation Methodology}{subsection.6.3}% 61
\BOOKMARK [2][-]{subsection.6.4}{Challenges Overcome}{section.6}% 62
\BOOKMARK [3][-]{subsubsection.6.4.1}{Real-time Latency}{subsection.6.4}% 63
\BOOKMARK [3][-]{subsubsection.6.4.2}{SUMO Integration Complexity}{subsection.6.4}% 64
\BOOKMARK [3][-]{subsubsection.6.4.3}{WebSocket Scalability}{subsection.6.4}% 65
\BOOKMARK [2][-]{subsection.6.5}{Impact}{section.6}% 66
\BOOKMARK [3][-]{subsubsection.6.5.1}{Research Community}{subsection.6.5}% 67
\BOOKMARK [3][-]{subsubsection.6.5.2}{Industry Relevance}{subsection.6.5}% 68
\BOOKMARK [3][-]{subsubsection.6.5.3}{Educational Value}{subsection.6.5}% 69
\BOOKMARK [2][-]{subsection.6.6}{Performance Metrics}{section.6}% 70
\BOOKMARK [1][-]{section.7}{Conclusion}{}% 71
\BOOKMARK [2][-]{subsection.7.1}{Project Summary}{section.7}% 72
\BOOKMARK [2][-]{subsection.7.2}{Key Accomplishments}{section.7}% 73
\BOOKMARK [2][-]{subsection.7.3}{Technical Contributions}{section.7}% 74
\BOOKMARK [2][-]{subsection.7.4}{Impact and Future Work}{section.7}% 75
\BOOKMARK [3][-]{subsubsection.7.4.1}{Immediate Impact}{subsection.7.4}% 76
\BOOKMARK [3][-]{subsubsection.7.4.2}{Future Enhancements}{subsection.7.4}% 77
\BOOKMARK [3][-]{subsubsection.7.4.3}{Research Directions}{subsection.7.4}% 78
\BOOKMARK [2][-]{subsection.7.5}{Final Remarks}{section.7}% 79
