Loading Porto dataset...
Reading from: /home/guy/Projects/Traffic/Multi-Variant-Simulated-Traffic-Dataset-Creator-and-Model-Tester/Porto/dataset/train.csv
Computing basic statistics...
Total trips in dataset: 1,710,670
Processing dataset in chunks...
  Processed 5 chunks (500,000 trips)...
  Processed 10 chunks (1,000,000 trips)...
  Processed 15 chunks (1,500,000 trips)...
Dataset processing complete!
  Total trips: 1,710,670
  Valid trips: 1,704,769
  Unique taxis: 448
Computing date range...

Analyzing GPS quality (sampling for detailed metrics)...
Sampling 100,000 trajectories for detailed GPS quality analysis...
Calculating statistics...

Generating visualizations...
Traceback (most recent call last):
  File "eda_porto.py", line 427, in <module>
    analyze_dataset()
  File "eda_porto.py", line 227, in analyze_dataset
    plot_trajectory_length_distribution(df_valid, trajectory_lengths)
NameError: name 'df_valid' is not defined
